Archive member included to satisfy reference by file (symbol)

../wathdog_timer_bsp/\libhal_bsp.a(alt_load.o)
                              ../wathdog_timer_bsp//obj/HAL/src/crt0.o (alt_load)
../wathdog_timer_bsp/\libhal_bsp.a(alt_main.o)
                              ../wathdog_timer_bsp//obj/HAL/src/crt0.o (alt_main)
../wathdog_timer_bsp/\libhal_bsp.a(alt_putstr.o)
                              obj/default/watchdog_timer.o (alt_putstr)
../wathdog_timer_bsp/\libhal_bsp.a(alt_sys_init.o)
                              ../wathdog_timer_bsp/\libhal_bsp.a(alt_main.o) (alt_irq_init)
../wathdog_timer_bsp/\libhal_bsp.a(altera_avalon_jtag_uart_write.o)
                              ../wathdog_timer_bsp/\libhal_bsp.a(alt_putstr.o) (altera_avalon_jtag_uart_write)
../wathdog_timer_bsp/\libhal_bsp.a(alt_dcache_flush_all.o)
                              ../wathdog_timer_bsp/\libhal_bsp.a(alt_load.o) (alt_dcache_flush_all)
../wathdog_timer_bsp/\libhal_bsp.a(alt_icache_flush_all.o)
                              ../wathdog_timer_bsp/\libhal_bsp.a(alt_load.o) (alt_icache_flush_all)
../wathdog_timer_bsp/\libhal_bsp.a(altera_nios2_gen2_irq.o)
                              ../wathdog_timer_bsp/\libhal_bsp.a(alt_sys_init.o) (altera_nios2_gen2_irq_init)
c:/intelfpga_lite/18.1/nios2eds/bin/gnu/h-x86_64-mingw32/bin/../lib/gcc/nios2-elf/5.3.0/../../../../../H-x86_64-mingw32/nios2-elf/lib/mno-hw-mul\libsmallc.a(lib_a-strlen.o)
                              ../wathdog_timer_bsp/\libhal_bsp.a(alt_putstr.o) (strlen)

Memory Configuration

Name             Origin             Length             Attributes
reset            0x0000000000010000 0x0000000000000020
onchip           0x0000000000010020 0x000000000000ffe0
*default*        0x0000000000000000 0xffffffffffffffff

Linker script and memory map

LOAD ../wathdog_timer_bsp//obj/HAL/src/crt0.o
LOAD obj/default/is_key_pressed.o
LOAD obj/default/watchdog_timer.o
LOAD c:/intelfpga_lite/18.1/nios2eds/bin/gnu/h-x86_64-mingw32/bin/../lib/gcc/nios2-elf/5.3.0/../../../../../H-x86_64-mingw32/nios2-elf/lib/mno-hw-mul\libstdc++.a
LOAD c:/intelfpga_lite/18.1/nios2eds/bin/gnu/h-x86_64-mingw32/bin/../lib/gcc/nios2-elf/5.3.0/../../../../../H-x86_64-mingw32/nios2-elf/lib/mno-hw-mul\libm.a
LOAD c:/intelfpga_lite/18.1/nios2eds/bin/gnu/h-x86_64-mingw32/bin/../lib/gcc/nios2-elf/5.3.0/mno-hw-mul\libgcc.a
START GROUP
LOAD c:/intelfpga_lite/18.1/nios2eds/bin/gnu/h-x86_64-mingw32/bin/../lib/gcc/nios2-elf/5.3.0/../../../../../H-x86_64-mingw32/nios2-elf/lib/mno-hw-mul\libsmallc.a
LOAD c:/intelfpga_lite/18.1/nios2eds/bin/gnu/h-x86_64-mingw32/bin/../lib/gcc/nios2-elf/5.3.0/mno-hw-mul\libgcc.a
LOAD ../wathdog_timer_bsp/\libhal_bsp.a
LOAD c:/intelfpga_lite/18.1/nios2eds/bin/gnu/h-x86_64-mingw32/bin/../lib/gcc/nios2-elf/5.3.0/../../../../../H-x86_64-mingw32/nios2-elf/lib/mno-hw-mul\libm.a
END GROUP
LOAD c:/intelfpga_lite/18.1/nios2eds/bin/gnu/h-x86_64-mingw32/bin/../lib/gcc/nios2-elf/5.3.0/mno-hw-mul\libgcc.a
                0x0000000000010000                __alt_mem_onchip = 0x10000

.entry          0x0000000000010000       0x20
 *(.entry)
 .entry         0x0000000000010000       0x20 ../wathdog_timer_bsp//obj/HAL/src/crt0.o
                0x0000000000010000                __reset
                0x000000000001000c                _exit

.exceptions     0x0000000000010020        0x0
                0x0000000000010020                PROVIDE (__ram_exceptions_start, ABSOLUTE (.))
                0x0000000000010020                . = ALIGN (0x20)
 *(.irq)
 *(.exceptions.entry.label)
 *(.exceptions.entry.user)
 *(.exceptions.entry.ecc_fatal)
 *(.exceptions.entry)
 *(.exceptions.irqtest.user)
 *(.exceptions.irqtest)
 *(.exceptions.irqhandler.user)
 *(.exceptions.irqhandler)
 *(.exceptions.irqreturn.user)
 *(.exceptions.irqreturn)
 *(.exceptions.notirq.label)
 *(.exceptions.notirq.user)
 *(.exceptions.notirq)
 *(.exceptions.soft.user)
 *(.exceptions.soft)
 *(.exceptions.unknown.user)
 *(.exceptions.unknown)
 *(.exceptions.exit.label)
 *(.exceptions.exit.user)
 *(.exceptions.exit)
 *(.exceptions)
                0x0000000000010020                PROVIDE (__ram_exceptions_end, ABSOLUTE (.))
                0x0000000000010020                PROVIDE (__flash_exceptions_start, LOADADDR (.exceptions))

.text           0x0000000000010020      0x314
                [!provide]                        PROVIDE (stext, ABSOLUTE (.))
 *(.interp)
 *(.hash)
 *(.dynsym)
 *(.dynstr)
 *(.gnu.version)
 *(.gnu.version_d)
 *(.gnu.version_r)
 *(.rel.init)
 *(.rela.init)
 *(.rel.text .rel.text.* .rel.gnu.linkonce.t.*)
 *(.rela.text .rela.text.* .rela.gnu.linkonce.t.*)
 *(.rel.fini)
 *(.rela.fini)
 *(.rel.rodata .rel.rodata.* .rel.gnu.linkonce.r.*)
 *(.rela.rodata .rela.rodata.* .rela.gnu.linkonce.r.*)
 *(.rel.data .rel.data.* .rel.gnu.linkonce.d.*)
 *(.rela.data .rela.data.* .rela.gnu.linkonce.d.*)
 *(.rel.tdata .rel.tdata.* .rel.gnu.linkonce.td.*)
 *(.rela.tdata .rela.tdata.* .rela.gnu.linkonce.td.*)
 *(.rel.tbss .rel.tbss.* .rel.gnu.linkonce.tb.*)
 *(.rela.tbss .rela.tbss.* .rela.gnu.linkonce.tb.*)
 *(.rel.ctors)
 *(.rela.ctors)
 *(.rel.dtors)
 *(.rela.dtors)
 *(.rel.got)
 *(.rela.got)
 *(.rel.sdata .rel.sdata.* .rel.gnu.linkonce.s.*)
 *(.rela.sdata .rela.sdata.* .rela.gnu.linkonce.s.*)
 *(.rel.sbss .rel.sbss.* .rel.gnu.linkonce.sb.*)
 *(.rela.sbss .rela.sbss.* .rela.gnu.linkonce.sb.*)
 *(.rel.sdata2 .rel.sdata2.* .rel.gnu.linkonce.s2.*)
 *(.rela.sdata2 .rela.sdata2.* .rela.gnu.linkonce.s2.*)
 *(.rel.sbss2 .rel.sbss2.* .rel.gnu.linkonce.sb2.*)
 *(.rela.sbss2 .rela.sbss2.* .rela.gnu.linkonce.sb2.*)
 *(.rel.bss .rel.bss.* .rel.gnu.linkonce.b.*)
 *(.rela.bss .rela.bss.* .rela.gnu.linkonce.b.*)
 *(.rel.plt)
 *(.rela.plt)
 *(.rel.dyn)
 *(.init)
 *(.plt)
 *(.text .stub .text.* .gnu.linkonce.t.*)
 .text          0x0000000000010020       0x3c ../wathdog_timer_bsp//obj/HAL/src/crt0.o
                0x0000000000010020                _start
 .text          0x000000000001005c       0x38 obj/default/is_key_pressed.o
                0x000000000001005c                is_key0_pressed
                0x0000000000010074                is_key1_pressed
 .text          0x0000000000010094        0x0 obj/default/watchdog_timer.o
 .text.startup  0x0000000000010094       0xd8 obj/default/watchdog_timer.o
                0x0000000000010094                main
 .text          0x000000000001016c       0xe0 ../wathdog_timer_bsp/\libhal_bsp.a(alt_load.o)
                0x000000000001016c                alt_load
 .text          0x000000000001024c       0x2c ../wathdog_timer_bsp/\libhal_bsp.a(alt_main.o)
                0x000000000001024c                alt_main
 .text          0x0000000000010278       0x38 ../wathdog_timer_bsp/\libhal_bsp.a(alt_putstr.o)
                0x0000000000010278                alt_putstr
 .text          0x00000000000102b0       0x24 ../wathdog_timer_bsp/\libhal_bsp.a(alt_sys_init.o)
                0x00000000000102b0                alt_irq_init
                0x00000000000102d0                alt_sys_init
 .text          0x00000000000102d4       0x34 ../wathdog_timer_bsp/\libhal_bsp.a(altera_avalon_jtag_uart_write.o)
                0x00000000000102d4                altera_avalon_jtag_uart_write
 .text          0x0000000000010308        0x4 ../wathdog_timer_bsp/\libhal_bsp.a(alt_dcache_flush_all.o)
                0x0000000000010308                alt_dcache_flush_all
 .text          0x000000000001030c        0x4 ../wathdog_timer_bsp/\libhal_bsp.a(alt_icache_flush_all.o)
                0x000000000001030c                alt_icache_flush_all
 .text          0x0000000000010310        0x8 ../wathdog_timer_bsp/\libhal_bsp.a(altera_nios2_gen2_irq.o)
                0x0000000000010310                altera_nios2_gen2_irq_init
 .text          0x0000000000010318        0x0 c:/intelfpga_lite/18.1/nios2eds/bin/gnu/h-x86_64-mingw32/bin/../lib/gcc/nios2-elf/5.3.0/../../../../../H-x86_64-mingw32/nios2-elf/lib/mno-hw-mul\libsmallc.a(lib_a-strlen.o)
 .text.strlen   0x0000000000010318       0x1c c:/intelfpga_lite/18.1/nios2eds/bin/gnu/h-x86_64-mingw32/bin/../lib/gcc/nios2-elf/5.3.0/../../../../../H-x86_64-mingw32/nios2-elf/lib/mno-hw-mul\libsmallc.a(lib_a-strlen.o)
                0x0000000000010318                strlen
 *(.gnu.warning.*)
 *(.fini)
                [!provide]                        PROVIDE (__etext, ABSOLUTE (.))
                [!provide]                        PROVIDE (_etext, ABSOLUTE (.))
                [!provide]                        PROVIDE (etext, ABSOLUTE (.))
 *(.eh_frame_hdr)
                0x0000000000010334                . = ALIGN (0x4)
                [!provide]                        PROVIDE (__preinit_array_start, ABSOLUTE (.))
 *(.preinit_array)
                [!provide]                        PROVIDE (__preinit_array_end, ABSOLUTE (.))
                [!provide]                        PROVIDE (__init_array_start, ABSOLUTE (.))
 *(.init_array)
                [!provide]                        PROVIDE (__init_array_end, ABSOLUTE (.))
                [!provide]                        PROVIDE (__fini_array_start, ABSOLUTE (.))
 *(.fini_array)
                [!provide]                        PROVIDE (__fini_array_end, ABSOLUTE (.))
 *(.eh_frame)
 *(.gcc_except_table .gcc_except_table.*)
 *(.dynamic)
                [!provide]                        PROVIDE (__CTOR_LIST__, ABSOLUTE (.))
 *(.ctors)
 *(SORT(.ctors.*))
                [!provide]                        PROVIDE (__CTOR_END__, ABSOLUTE (.))
                [!provide]                        PROVIDE (__DTOR_LIST__, ABSOLUTE (.))
 *(.dtors)
 *(SORT(.dtors.*))
                [!provide]                        PROVIDE (__DTOR_END__, ABSOLUTE (.))
 *(.jcr)
                0x0000000000010334                . = ALIGN (0x4)

.rodata         0x0000000000010334        0x8
                0x0000000000010334                PROVIDE (__ram_rodata_start, ABSOLUTE (.))
                0x0000000000010334                . = ALIGN (0x4)
 *(.rodata .rodata.* .gnu.linkonce.r.*)
 .rodata.str1.4
                0x0000000000010334        0x8 obj/default/watchdog_timer.o
 *(.rodata1)
                0x000000000001033c                . = ALIGN (0x4)
                0x000000000001033c                PROVIDE (__ram_rodata_end, ABSOLUTE (.))
                0x0000000000010334                PROVIDE (__flash_rodata_start, LOADADDR (.rodata))

.rwdata         0x000000000001033c        0x4 load address 0x0000000000010340
                0x000000000001033c                PROVIDE (__ram_rwdata_start, ABSOLUTE (.))
                0x000000000001033c                . = ALIGN (0x4)
 *(.got.plt)
 *(.got)
 *(.data1)
 *(.data .data.* .gnu.linkonce.d.*)
 .data          0x000000000001033c        0x0 ../wathdog_timer_bsp//obj/HAL/src/crt0.o
 .data          0x000000000001033c        0x0 obj/default/is_key_pressed.o
 .data          0x000000000001033c        0x0 obj/default/watchdog_timer.o
 .data          0x000000000001033c        0x0 ../wathdog_timer_bsp/\libhal_bsp.a(alt_load.o)
 .data          0x000000000001033c        0x0 ../wathdog_timer_bsp/\libhal_bsp.a(alt_main.o)
 .data          0x000000000001033c        0x0 ../wathdog_timer_bsp/\libhal_bsp.a(alt_putstr.o)
 .data          0x000000000001033c        0x0 ../wathdog_timer_bsp/\libhal_bsp.a(alt_sys_init.o)
 .data          0x000000000001033c        0x0 ../wathdog_timer_bsp/\libhal_bsp.a(altera_avalon_jtag_uart_write.o)
 .data          0x000000000001033c        0x0 ../wathdog_timer_bsp/\libhal_bsp.a(alt_dcache_flush_all.o)
 .data          0x000000000001033c        0x0 ../wathdog_timer_bsp/\libhal_bsp.a(alt_icache_flush_all.o)
 .data          0x000000000001033c        0x0 ../wathdog_timer_bsp/\libhal_bsp.a(altera_nios2_gen2_irq.o)
 .data          0x000000000001033c        0x0 c:/intelfpga_lite/18.1/nios2eds/bin/gnu/h-x86_64-mingw32/bin/../lib/gcc/nios2-elf/5.3.0/../../../../../H-x86_64-mingw32/nios2-elf/lib/mno-hw-mul\libsmallc.a(lib_a-strlen.o)
                0x000000000001833c                _gp = ABSOLUTE ((. + 0x8000))
                [!provide]                        PROVIDE (gp, _gp)
 *(.rwdata .rwdata.*)
 *(.sdata .sdata.* .gnu.linkonce.s.*)
 .sdata         0x000000000001033c        0x4 ../wathdog_timer_bsp/\libhal_bsp.a(alt_sys_init.o)
                0x000000000001033c                jtag_uart_0
 *(.sdata2 .sdata2.* .gnu.linkonce.s2.*)
                0x0000000000010340                . = ALIGN (0x4)
                0x0000000000010340                _edata = ABSOLUTE (.)
                [!provide]                        PROVIDE (edata, ABSOLUTE (.))
                0x0000000000010340                PROVIDE (__ram_rwdata_end, ABSOLUTE (.))
                0x0000000000010340                PROVIDE (__flash_rwdata_start, LOADADDR (.rwdata))

.bss            0x0000000000010344        0xc
                0x0000000000010344                __bss_start = ABSOLUTE (.)
                [!provide]                        PROVIDE (__sbss_start, ABSOLUTE (.))
                [!provide]                        PROVIDE (___sbss_start, ABSOLUTE (.))
 *(.dynsbss)
 *(.sbss .sbss.* .gnu.linkonce.sb.*)
 .sbss          0x0000000000010344        0xc ../wathdog_timer_bsp/\libhal_bsp.a(alt_main.o)
                0x0000000000010344                alt_envp
                0x0000000000010348                alt_argv
                0x000000000001034c                alt_argc
 *(.sbss2 .sbss2.* .gnu.linkonce.sb2.*)
 *(.scommon)
                [!provide]                        PROVIDE (__sbss_end, ABSOLUTE (.))
                [!provide]                        PROVIDE (___sbss_end, ABSOLUTE (.))
 *(.dynbss)
 *(.bss .bss.* .gnu.linkonce.b.*)
 .bss           0x0000000000010350        0x0 ../wathdog_timer_bsp//obj/HAL/src/crt0.o
 .bss           0x0000000000010350        0x0 obj/default/is_key_pressed.o
 .bss           0x0000000000010350        0x0 obj/default/watchdog_timer.o
 .bss           0x0000000000010350        0x0 ../wathdog_timer_bsp/\libhal_bsp.a(alt_load.o)
 .bss           0x0000000000010350        0x0 ../wathdog_timer_bsp/\libhal_bsp.a(alt_main.o)
 .bss           0x0000000000010350        0x0 ../wathdog_timer_bsp/\libhal_bsp.a(alt_putstr.o)
 .bss           0x0000000000010350        0x0 ../wathdog_timer_bsp/\libhal_bsp.a(alt_sys_init.o)
 .bss           0x0000000000010350        0x0 ../wathdog_timer_bsp/\libhal_bsp.a(altera_avalon_jtag_uart_write.o)
 .bss           0x0000000000010350        0x0 ../wathdog_timer_bsp/\libhal_bsp.a(alt_dcache_flush_all.o)
 .bss           0x0000000000010350        0x0 ../wathdog_timer_bsp/\libhal_bsp.a(alt_icache_flush_all.o)
 .bss           0x0000000000010350        0x0 ../wathdog_timer_bsp/\libhal_bsp.a(altera_nios2_gen2_irq.o)
 .bss           0x0000000000010350        0x0 c:/intelfpga_lite/18.1/nios2eds/bin/gnu/h-x86_64-mingw32/bin/../lib/gcc/nios2-elf/5.3.0/../../../../../H-x86_64-mingw32/nios2-elf/lib/mno-hw-mul\libsmallc.a(lib_a-strlen.o)
 *(COMMON)
                0x0000000000010350                . = ALIGN (0x4)
                0x0000000000010350                __bss_end = ABSOLUTE (.)

.onchip         0x0000000000010350        0x0
                [!provide]                        PROVIDE (_alt_partition_onchip_start, ABSOLUTE (.))
 *(.onchip .onchip. onchip.*)
                0x0000000000010350                . = ALIGN (0x4)
                [!provide]                        PROVIDE (_alt_partition_onchip_end, ABSOLUTE (.))
                0x0000000000010350                _end = ABSOLUTE (.)
                0x0000000000010350                end = ABSOLUTE (.)
                0x0000000000010350                __alt_stack_base = ABSOLUTE (.)
                [!provide]                        PROVIDE (_alt_partition_onchip_load_addr, LOADADDR (.onchip))

.stab
 *(.stab)

.stabstr
 *(.stabstr)

.stab.excl
 *(.stab.excl)

.stab.exclstr
 *(.stab.exclstr)

.stab.index
 *(.stab.index)

.stab.indexstr
 *(.stab.indexstr)

.comment        0x0000000000000000       0x23
 *(.comment)
 .comment       0x0000000000000000       0x23 obj/default/is_key_pressed.o
                                         0x24 (size before relaxing)
 .comment       0x0000000000000023       0x24 obj/default/watchdog_timer.o
 .comment       0x0000000000000023       0x24 ../wathdog_timer_bsp/\libhal_bsp.a(alt_load.o)
 .comment       0x0000000000000023       0x24 ../wathdog_timer_bsp/\libhal_bsp.a(alt_main.o)
 .comment       0x0000000000000023       0x24 ../wathdog_timer_bsp/\libhal_bsp.a(alt_putstr.o)
 .comment       0x0000000000000023       0x24 ../wathdog_timer_bsp/\libhal_bsp.a(alt_sys_init.o)
 .comment       0x0000000000000023       0x24 ../wathdog_timer_bsp/\libhal_bsp.a(altera_avalon_jtag_uart_write.o)
 .comment       0x0000000000000023       0x24 ../wathdog_timer_bsp/\libhal_bsp.a(alt_dcache_flush_all.o)
 .comment       0x0000000000000023       0x24 ../wathdog_timer_bsp/\libhal_bsp.a(alt_icache_flush_all.o)
 .comment       0x0000000000000023       0x24 ../wathdog_timer_bsp/\libhal_bsp.a(altera_nios2_gen2_irq.o)
 .comment       0x0000000000000023       0x24 c:/intelfpga_lite/18.1/nios2eds/bin/gnu/h-x86_64-mingw32/bin/../lib/gcc/nios2-elf/5.3.0/../../../../../H-x86_64-mingw32/nios2-elf/lib/mno-hw-mul\libsmallc.a(lib_a-strlen.o)

.debug
 *(.debug)

.line
 *(.line)

.debug_srcinfo
 *(.debug_srcinfo)

.debug_sfnames
 *(.debug_sfnames)

.debug_aranges  0x0000000000000000      0x188
 *(.debug_aranges)
 .debug_aranges
                0x0000000000000000       0x28 ../wathdog_timer_bsp//obj/HAL/src/crt0.o
 .debug_aranges
                0x0000000000000028       0x20 obj/default/is_key_pressed.o
 .debug_aranges
                0x0000000000000048       0x20 obj/default/watchdog_timer.o
 .debug_aranges
                0x0000000000000068       0x20 ../wathdog_timer_bsp/\libhal_bsp.a(alt_load.o)
 .debug_aranges
                0x0000000000000088       0x20 ../wathdog_timer_bsp/\libhal_bsp.a(alt_main.o)
 .debug_aranges
                0x00000000000000a8       0x20 ../wathdog_timer_bsp/\libhal_bsp.a(alt_putstr.o)
 .debug_aranges
                0x00000000000000c8       0x20 ../wathdog_timer_bsp/\libhal_bsp.a(alt_sys_init.o)
 .debug_aranges
                0x00000000000000e8       0x20 ../wathdog_timer_bsp/\libhal_bsp.a(altera_avalon_jtag_uart_write.o)
 .debug_aranges
                0x0000000000000108       0x20 ../wathdog_timer_bsp/\libhal_bsp.a(alt_dcache_flush_all.o)
 .debug_aranges
                0x0000000000000128       0x20 ../wathdog_timer_bsp/\libhal_bsp.a(alt_icache_flush_all.o)
 .debug_aranges
                0x0000000000000148       0x20 ../wathdog_timer_bsp/\libhal_bsp.a(altera_nios2_gen2_irq.o)
 .debug_aranges
                0x0000000000000168       0x20 c:/intelfpga_lite/18.1/nios2eds/bin/gnu/h-x86_64-mingw32/bin/../lib/gcc/nios2-elf/5.3.0/../../../../../H-x86_64-mingw32/nios2-elf/lib/mno-hw-mul\libsmallc.a(lib_a-strlen.o)

.debug_pubnames
 *(.debug_pubnames)

.debug_info     0x0000000000000000      0xbf2
 *(.debug_info .gnu.linkonce.wi.*)
 .debug_info    0x0000000000000000       0x82 ../wathdog_timer_bsp//obj/HAL/src/crt0.o
 .debug_info    0x0000000000000082       0x9a obj/default/is_key_pressed.o
 .debug_info    0x000000000000011c       0xcf obj/default/watchdog_timer.o
 .debug_info    0x00000000000001eb      0x1c9 ../wathdog_timer_bsp/\libhal_bsp.a(alt_load.o)
 .debug_info    0x00000000000003b4      0x169 ../wathdog_timer_bsp/\libhal_bsp.a(alt_main.o)
 .debug_info    0x000000000000051d      0x13a ../wathdog_timer_bsp/\libhal_bsp.a(alt_putstr.o)
 .debug_info    0x0000000000000657      0x185 ../wathdog_timer_bsp/\libhal_bsp.a(alt_sys_init.o)
 .debug_info    0x00000000000007dc      0x197 ../wathdog_timer_bsp/\libhal_bsp.a(altera_avalon_jtag_uart_write.o)
 .debug_info    0x0000000000000973       0x92 ../wathdog_timer_bsp/\libhal_bsp.a(alt_dcache_flush_all.o)
 .debug_info    0x0000000000000a05       0x92 ../wathdog_timer_bsp/\libhal_bsp.a(alt_icache_flush_all.o)
 .debug_info    0x0000000000000a97       0x92 ../wathdog_timer_bsp/\libhal_bsp.a(altera_nios2_gen2_irq.o)
 .debug_info    0x0000000000000b29       0xc9 c:/intelfpga_lite/18.1/nios2eds/bin/gnu/h-x86_64-mingw32/bin/../lib/gcc/nios2-elf/5.3.0/../../../../../H-x86_64-mingw32/nios2-elf/lib/mno-hw-mul\libsmallc.a(lib_a-strlen.o)

.debug_abbrev   0x0000000000000000      0x6a8
 *(.debug_abbrev)
 .debug_abbrev  0x0000000000000000       0x12 ../wathdog_timer_bsp//obj/HAL/src/crt0.o
 .debug_abbrev  0x0000000000000012       0x44 obj/default/is_key_pressed.o
 .debug_abbrev  0x0000000000000056       0x98 obj/default/watchdog_timer.o
 .debug_abbrev  0x00000000000000ee       0xd8 ../wathdog_timer_bsp/\libhal_bsp.a(alt_load.o)
 .debug_abbrev  0x00000000000001c6       0xee ../wathdog_timer_bsp/\libhal_bsp.a(alt_main.o)
 .debug_abbrev  0x00000000000002b4       0xd3 ../wathdog_timer_bsp/\libhal_bsp.a(alt_putstr.o)
 .debug_abbrev  0x0000000000000387      0x107 ../wathdog_timer_bsp/\libhal_bsp.a(alt_sys_init.o)
 .debug_abbrev  0x000000000000048e       0xd5 ../wathdog_timer_bsp/\libhal_bsp.a(altera_avalon_jtag_uart_write.o)
 .debug_abbrev  0x0000000000000563       0x42 ../wathdog_timer_bsp/\libhal_bsp.a(alt_dcache_flush_all.o)
 .debug_abbrev  0x00000000000005a5       0x42 ../wathdog_timer_bsp/\libhal_bsp.a(alt_icache_flush_all.o)
 .debug_abbrev  0x00000000000005e7       0x42 ../wathdog_timer_bsp/\libhal_bsp.a(altera_nios2_gen2_irq.o)
 .debug_abbrev  0x0000000000000629       0x7f c:/intelfpga_lite/18.1/nios2eds/bin/gnu/h-x86_64-mingw32/bin/../lib/gcc/nios2-elf/5.3.0/../../../../../H-x86_64-mingw32/nios2-elf/lib/mno-hw-mul\libsmallc.a(lib_a-strlen.o)

.debug_line     0x0000000000000000      0x7eb
 *(.debug_line)
 .debug_line    0x0000000000000000       0x66 ../wathdog_timer_bsp//obj/HAL/src/crt0.o
 .debug_line    0x0000000000000066       0x73 obj/default/is_key_pressed.o
 .debug_line    0x00000000000000d9       0xd8 obj/default/watchdog_timer.o
 .debug_line    0x00000000000001b1       0xa4 ../wathdog_timer_bsp/\libhal_bsp.a(alt_load.o)
 .debug_line    0x0000000000000255       0xbd ../wathdog_timer_bsp/\libhal_bsp.a(alt_main.o)
 .debug_line    0x0000000000000312       0xa0 ../wathdog_timer_bsp/\libhal_bsp.a(alt_putstr.o)
 .debug_line    0x00000000000003b2      0x101 ../wathdog_timer_bsp/\libhal_bsp.a(alt_sys_init.o)
 .debug_line    0x00000000000004b3       0xf0 ../wathdog_timer_bsp/\libhal_bsp.a(altera_avalon_jtag_uart_write.o)
 .debug_line    0x00000000000005a3       0x4e ../wathdog_timer_bsp/\libhal_bsp.a(alt_dcache_flush_all.o)
 .debug_line    0x00000000000005f1       0x4e ../wathdog_timer_bsp/\libhal_bsp.a(alt_icache_flush_all.o)
 .debug_line    0x000000000000063f       0x50 ../wathdog_timer_bsp/\libhal_bsp.a(altera_nios2_gen2_irq.o)
 .debug_line    0x000000000000068f      0x15c c:/intelfpga_lite/18.1/nios2eds/bin/gnu/h-x86_64-mingw32/bin/../lib/gcc/nios2-elf/5.3.0/../../../../../H-x86_64-mingw32/nios2-elf/lib/mno-hw-mul\libsmallc.a(lib_a-strlen.o)

.debug_frame    0x0000000000000000      0x1cc
 *(.debug_frame)
 .debug_frame   0x0000000000000000       0x30 obj/default/is_key_pressed.o
 .debug_frame   0x0000000000000030       0x34 obj/default/watchdog_timer.o
 .debug_frame   0x0000000000000064       0x30 ../wathdog_timer_bsp/\libhal_bsp.a(alt_load.o)
 .debug_frame   0x0000000000000094       0x2c ../wathdog_timer_bsp/\libhal_bsp.a(alt_main.o)
 .debug_frame   0x00000000000000c0       0x30 ../wathdog_timer_bsp/\libhal_bsp.a(alt_putstr.o)
 .debug_frame   0x00000000000000f0       0x3c ../wathdog_timer_bsp/\libhal_bsp.a(alt_sys_init.o)
 .debug_frame   0x000000000000012c       0x20 ../wathdog_timer_bsp/\libhal_bsp.a(altera_avalon_jtag_uart_write.o)
 .debug_frame   0x000000000000014c       0x20 ../wathdog_timer_bsp/\libhal_bsp.a(alt_dcache_flush_all.o)
 .debug_frame   0x000000000000016c       0x20 ../wathdog_timer_bsp/\libhal_bsp.a(alt_icache_flush_all.o)
 .debug_frame   0x000000000000018c       0x20 ../wathdog_timer_bsp/\libhal_bsp.a(altera_nios2_gen2_irq.o)
 .debug_frame   0x00000000000001ac       0x20 c:/intelfpga_lite/18.1/nios2eds/bin/gnu/h-x86_64-mingw32/bin/../lib/gcc/nios2-elf/5.3.0/../../../../../H-x86_64-mingw32/nios2-elf/lib/mno-hw-mul\libsmallc.a(lib_a-strlen.o)

.debug_str      0x0000000000000000      0x60e
 *(.debug_str)
 .debug_str     0x0000000000000000      0x121 obj/default/is_key_pressed.o
                                        0x148 (size before relaxing)
 .debug_str     0x0000000000000121       0x24 obj/default/watchdog_timer.o
                                        0x14a (size before relaxing)
 .debug_str     0x0000000000000145      0x17e ../wathdog_timer_bsp/\libhal_bsp.a(alt_load.o)
                                        0x250 (size before relaxing)
 .debug_str     0x00000000000002c3       0x8f ../wathdog_timer_bsp/\libhal_bsp.a(alt_main.o)
                                        0x1c9 (size before relaxing)
 .debug_str     0x0000000000000352       0x66 ../wathdog_timer_bsp/\libhal_bsp.a(alt_putstr.o)
                                        0x1a6 (size before relaxing)
 .debug_str     0x00000000000003b8       0x86 ../wathdog_timer_bsp/\libhal_bsp.a(alt_sys_init.o)
                                        0x23a (size before relaxing)
 .debug_str     0x000000000000043e       0x38 ../wathdog_timer_bsp/\libhal_bsp.a(altera_avalon_jtag_uart_write.o)
                                        0x229 (size before relaxing)
 .debug_str     0x0000000000000476       0x1f ../wathdog_timer_bsp/\libhal_bsp.a(alt_dcache_flush_all.o)
                                        0x169 (size before relaxing)
 .debug_str     0x0000000000000495       0x1f ../wathdog_timer_bsp/\libhal_bsp.a(alt_icache_flush_all.o)
                                        0x169 (size before relaxing)
 .debug_str     0x00000000000004b4       0x20 ../wathdog_timer_bsp/\libhal_bsp.a(altera_nios2_gen2_irq.o)
                                        0x170 (size before relaxing)
 .debug_str     0x00000000000004d4      0x13a c:/intelfpga_lite/18.1/nios2eds/bin/gnu/h-x86_64-mingw32/bin/../lib/gcc/nios2-elf/5.3.0/../../../../../H-x86_64-mingw32/nios2-elf/lib/mno-hw-mul\libsmallc.a(lib_a-strlen.o)
                                        0x1e5 (size before relaxing)

.debug_loc      0x0000000000000000      0x138
 *(.debug_loc)
 .debug_loc     0x0000000000000000       0x37 obj/default/watchdog_timer.o
 .debug_loc     0x0000000000000037       0x37 ../wathdog_timer_bsp/\libhal_bsp.a(alt_putstr.o)
 .debug_loc     0x000000000000006e       0x21 ../wathdog_timer_bsp/\libhal_bsp.a(alt_sys_init.o)
 .debug_loc     0x000000000000008f       0x8b ../wathdog_timer_bsp/\libhal_bsp.a(altera_avalon_jtag_uart_write.o)
 .debug_loc     0x000000000000011a       0x1e c:/intelfpga_lite/18.1/nios2eds/bin/gnu/h-x86_64-mingw32/bin/../lib/gcc/nios2-elf/5.3.0/../../../../../H-x86_64-mingw32/nios2-elf/lib/mno-hw-mul\libsmallc.a(lib_a-strlen.o)

.debug_macinfo
 *(.debug_macinfo)

.debug_weaknames
 *(.debug_weaknames)

.debug_funcnames
 *(.debug_funcnames)

.debug_typenames
 *(.debug_typenames)

.debug_varnames
 *(.debug_varnames)

.debug_alt_sim_info
                0x0000000000000000       0x10
 *(.debug_alt_sim_info)
 .debug_alt_sim_info
                0x0000000000000000       0x10 ../wathdog_timer_bsp//obj/HAL/src/crt0.o
                0x0000000000020000                __alt_data_end = 0x20000
                0x0000000000020000                PROVIDE (__alt_stack_pointer, __alt_data_end)
                [!provide]                        PROVIDE (__alt_stack_limit, __alt_stack_base)
                [!provide]                        PROVIDE (__alt_heap_start, end)
                [!provide]                        PROVIDE (__alt_heap_limit, 0x20000)
OUTPUT(wathdog_timer.elf elf32-littlenios2)

.debug_ranges   0x0000000000000000       0x88
 .debug_ranges  0x0000000000000000       0x20 ../wathdog_timer_bsp//obj/HAL/src/crt0.o
 .debug_ranges  0x0000000000000020       0x10 obj/default/watchdog_timer.o
 .debug_ranges  0x0000000000000030       0x48 ../wathdog_timer_bsp/\libhal_bsp.a(alt_load.o)
 .debug_ranges  0x0000000000000078       0x10 c:/intelfpga_lite/18.1/nios2eds/bin/gnu/h-x86_64-mingw32/bin/../lib/gcc/nios2-elf/5.3.0/../../../../../H-x86_64-mingw32/nios2-elf/lib/mno-hw-mul\libsmallc.a(lib_a-strlen.o)
